[dedup] measured duplicate fraction 20.5% -> dedup ON
[HP] AnonHugePages=44 MB of Rss=654 MB after load (rpk=47 MB woff=9 MB rlen=2 MB)
reads in=1553259 N-reads(stored separately)=1156 unique=1235646 maxlen=150
  [stage] load+filter+dedup            1.83 s   rss=540 MB  peak=701 MB
  [stage] prefix seed index            0.14 s   rss=791 MB  peak=791 MB
round1: links=944151 both-sides-overlapped=872508 (70.6%)
  [stage] round 1 (division)           2.37 s   rss=1738 MB  peak=1773 MB
  [a3] candidates=2 concurrency=2 (avail=79475MB per-child~1966MB)
  [a3] two-level fork: 2 MINOV group(s) x members (round 2 shared) conc=2 x 1 threads=6/6
round2: probes=11223279 links=862233
[FUNNEL] probes=11223279  seed_hit=2164690 (19.3%)  cand_examined=2745919  links=862233 (7.68% of probes)
  [stage] round 2 (assembly)           1.91 s   rss=227 MB  peak=253 MB
[HARVEST] commits=0 branches(ccnt==2)=0  ccnt hist:
[HARVEST] tie L as % of Lmax:
[HARVEST] memory=0 KB (16 B/edge)
[NEARMISS] minL=75  1-mismatch=0  2-mismatch=0
round2: probes=10817121 links=860340
[FUNNEL] probes=10817121  seed_hit=2116454 (19.6%)  cand_examined=2653492  links=860340 (7.95% of probes)
  [stage] round 2 (assembly)           1.94 s   rss=227 MB  peak=253 MB
[HARVEST] commits=0 branches(ccnt==2)=0  ccnt hist:
[HARVEST] tie L as % of Lmax:
[HARVEST] memory=0 KB (16 B/edge)
[NEARMISS] minL=75  1-mismatch=0  2-mismatch=0
links=862233 chains(multi)=4912 leftovers=368501 pg after chains=9710721
  [stage] emit chains                  0.42 s   rss=243 MB  peak=253 MB
  [maxmap] Lmax=150 -> MAXMAP=30 (L/13)
  sensitivity floor: 37 bases (SEEDW 16 + k1 22 * k2 1 - 1)
  mapping: 7 seeds x 16 bases, stride 22, accepting up to 30 mismatches
links=860340 chains(multi)=5125 leftovers=370181 pg after chains=9520899
  [stage] emit chains                  0.40 s   rss=243 MB  peak=253 MB
  [maxmap] Lmax=150 -> MAXMAP=30 (L/13)
  sensitivity floor: 37 bases (SEEDW 16 + k1 22 * k2 1 - 1)
  mapping: 7 seeds x 16 bases, stride 22, accepting up to 30 mismatches
  [seedcap] derived cap=16384 (keep>=0.990 of 2579507 entries)
  [seedcap] cap=16384 dropped 0 of 2579507 entries (0.000%) across 0 over-frequent keys -> index 2579507
[MEMRPT] ment 2579507 entries = 20 MB   mtab 8388608 slots = 33 MB
  [seedcap] derived cap=16384 (keep>=0.990 of 2591267 entries)
  [seedcap] cap=16384 dropped 0 of 2591267 entries (0.000%) across 0 over-frequent keys -> index 2591267
[MEMRPT] ment 2591267 entries = 20 MB   mtab 8388608 slots = 33 MB
  seed index: 2579507 entries (packed, 19.7 MB)
  seed index: 2591267 entries (packed, 19.8 MB)
  [a4] accepted hits=261389  hit/hmm capacity=4.5 MB  seedindex=19.7 MB  reads=1235646
  [a4] accepted hits=254454  hit/hmm capacity=4.5 MB  seedindex=19.8 MB  reads=1235646
  [a4] accepted hits=32918  hit/hmm capacity=0.6 MB  seedindex=19.7 MB  reads=1235646
  [a4] accepted hits=38459  hit/hmm capacity=0.6 MB  seedindex=19.8 MB  reads=1235646
  [stage] pigeonhole mapping           0.95 s   rss=260 MB  peak=292 MB
  [a3] cand 0: MAXMAP=30 un-placed 0 of the shared search's hits -> mapped=250651
  [stage] pigeonhole mapping           0.99 s   rss=260 MB  peak=292 MB
  [a3] cand 1: MAXMAP=30 un-placed 0 of the shared search's hits -> mapped=251931
second pg: 117850 reads -> 17337179 B (raw would be 17677500 B)
leftovers=368501 mapped=250651 appended=117850
second pg: 118250 reads -> 17439843 B (raw would be 17737500 B)
leftovers=370181 mapped=251931 appended=118250
[MM-DUMP] emitted=1619942 mismatch symbols (readMM total was 0 -- reads with no valid q excluded)
[MM] placed=250651 total_mismatches=1619942 mean=6.46/read  zero-mm=20149 (8.0%)
[MM] PgRC2 for reference: 1,369,413 mismatches over 988,702 reads = 1.39/read
[MM] hist: 0:20149 1:90057 2:24768 3:14103 4:9798 5:7728 6:6381 7:5543 8:4925 9:4462 10:4010 11:3837  >=12:54890
[ORDER+POS] unique_placed=1235646 (of 1235646 unique reads)  positions raw=1235646 B  strand raw=154456 B  lengths raw=2471292 B  pos>255=1235624
[POS] PgRC2 pays 683,370 B coded for its reads-list offsets
[MEM] MINMEM=24 seed=10 step=15
  [stage]   [diag] entering MEM matching, before seed index   0.46 s   rss=248 MB  peak=294 MB
[MM-DUMP] emitted=1628428 mismatch symbols (readMM total was 0 -- reads with no valid q excluded)
[MM] placed=251931 total_mismatches=1628428 mean=6.46/read  zero-mm=20079 (8.0%)
[MM] PgRC2 for reference: 1,369,413 mismatches over 988,702 reads = 1.39/read
[MM] hist: 0:20079 1:91052 2:24862 3:14089 4:9775 5:7717 6:6362 7:5538 8:4917 9:4437 10:4023 11:3856  >=12:55224
[ORDER+POS] unique_placed=1235646 (of 1235646 unique reads)  positions raw=1235646 B  strand raw=154456 B  lengths raw=2471292 B  pos>255=1235624
[POS] PgRC2 pays 683,370 B coded for its reads-list offsets
[MEM] MINMEM=24 seed=10 step=15
  [stage]   [diag] entering MEM matching, before seed index   0.47 s   rss=246 MB  peak=292 MB
  [stage]   [diag] seed index built    0.07 s   rss=248 MB  peak=294 MB
[HETSCAN] sampled=236847 distinct=232420 pairs=4004 singles=228270 other=146 pair_frac=0.0172 het=0
[MMTOL] leftover_frac=0.298 het_pair_frac=0.0172 -> MEM_MAXMM=0
  [stage]   [diag] seed index built    0.06 s   rss=246 MB  peak=292 MB
[HETSCAN] sampled=232217 distinct=228772 pairs=3090 singles=225560 other=122 pair_frac=0.0135 het=0
[MMTOL] leftover_frac=0.300 het_pair_frac=0.0135 -> MEM_MAXMM=0
    [diag] run() T=12 qlen=9710721 res[] total capacity=385024 B (0.4 MB)
    [diag] run() T=12 qlen=9520899 res[] total capacity=294912 B (0.3 MB)
    [diag] run() T=12 qlen=9710721 res[] total capacity=344064 B (0.3 MB)
    [diag] run() T=12 qlen=9520899 res[] total capacity=294912 B (0.3 MB)
    [diag] run() T=12 qlen=17337179 res[] total capacity=12582912 B (12.6 MB)
    [diag] run() T=12 qlen=17439843 res[] total capacity=12582912 B (12.6 MB)
    [diag] run() T=12 qlen=17337179 res[] total capacity=6291456 B (6.3 MB)
  [stage]   [diag] both run() passes done, allrefs built   0.47 s   rss=295 MB  peak=295 MB
    [diag] run() T=12 qlen=17439843 res[] total capacity=6291456 B (6.3 MB)
  [stage]   [diag] both run() passes done, allrefs built   0.49 s   rss=294 MB  peak=294 MB
[LIT] literal written (240870 clean refs, from 362722 raw)
  [stage]   [diag] trim-on-overlap + literal.txt done   0.09 s   rss=295 MB  peak=295 MB
  [stage] pg MEM matching              0.00 s   rss=295 MB  peak=295 MB
MEM main   : 9710721 -> 4535128 (removed 5175593, 53.3%, 16197 matches)
MEM second : 17337179 -> 1818473 (removed 15518706, 89.5%, 346525 matches)
PgRC2 for reference: main 21104500 -> 11463320 (45.8%), lq+n 1506135 -> 1231855, final literal 12695175
[REF] matches=240870  raw gaps=243773 srcs=885366 lens=244601  total_raw=1373740
[REF] PgRC2 pays 177,180 B coded for the same thing
[LIT] literal written (240762 clean refs, from 362963 raw)
  [stage]   [diag] trim-on-overlap + literal.txt done   0.09 s   rss=296 MB  peak=296 MB
  [stage] pg MEM matching              0.00 s   rss=296 MB  peak=296 MB
MEM main   : 9520899 -> 4530935 (removed 4989964, 52.4%, 13478 matches)
MEM second : 17439843 -> 1834597 (removed 15605246, 89.5%, 349485 matches)
PgRC2 for reference: main 21104500 -> 11463320 (45.8%), lq+n 1506135 -> 1231855, final literal 12695175
  [stage]   [t] literal->symbols       0.08 s   rss=295 MB  peak=295 MB
  [names] 1553259 names in 7 blocks: body 4020439 B, dict 65 B raw, index 42 B raw
[REF] matches=240762  raw gaps=243802 srcs=883884 lens=244860  total_raw=1372546
[REF] PgRC2 pays 177,180 B coded for the same thing
  [qual] 1553259 reads / 232988850 quality bytes in 1 blocks: body 56431307 B, index 8 B raw
  [stage]   [t] .bytes() copies + pre-jobs   0.02 s   rss=296 MB  peak=296 MB
[SPANS] 118428 contig spans -> 355296 B pre-coding
  [POS-SPLIT] main 1117796 vals (4471184 B), second 117850 deltas (251640 B), region 154460 B
  [b3] orig2uid 6213036 B -> flags 194158 B + vals 1270452 B (317613 nonzero of 1553259)
  [stage]   [t] job list built         0.02 s   rss=297 MB  peak=297 MB
  [stage]   [t] literal->symbols       0.08 s   rss=296 MB  peak=296 MB
  [names] 1553259 names in 7 blocks: body 4020439 B, dict 65 B raw, index 42 B raw
  [qual] 1553259 reads / 232988850 quality bytes in 1 blocks: body 56431307 B, index 8 B raw
  [stage]   [t] .bytes() copies + pre-jobs   0.03 s   rss=297 MB  peak=297 MB
[SPANS] 120522 contig spans -> 361573 B pre-coding
  [POS-SPLIT] main 1117396 vals (4469584 B), second 118250 deltas (247052 B), region 154460 B
  [b3] orig2uid 6213036 B -> flags 194158 B + vals 1270452 B (317613 nonzero of 1553259)
  [stage]   [t] job list built         0.02 s   rss=297 MB  peak=297 MB
  [job] pos_abs          2.55 s
  [job] mm_pos           2.52 s
  [job] mm_cnt           1.82 s
  [job] orig2uid_vals    1.05 s
  [job] literal          0.80 s
  [job] mem_len          0.67 s
  [job] pos_sec          0.48 s
  [job] orig2uid_flags   0.37 s
  [job] pos_region       0.34 s
  [job] mem_dstgap       0.32 s
  [job] mem_rc           0.29 s
  [job] contig_spans     0.28 s
  [job] pos_strand       0.21 s
  [job] n_indices        0.18 s
  [job] n_pos            0.09 s
  [job] mm_sym           0.07 s
  [job] qual_body        0.03 s
  [job] n_cnt            0.02 s
  [job] names_index      0.01 s
  [job] qual_index       0.01 s
  [job] mem_triples      0.01 s
  [job] names_dict       0.00 s
  [job] names_body       0.00 s
  [job] read_lengths     0.00 s
  [pool] wall 2.55 s  cpu-sum 12.10 s  longest=pos_abs 2.55 s  speedup 4.74x  amdahl-floor 2.55 s
  [stage]   [t] pool + archive put     2.56 s   rss=372 MB  peak=695 MB
  [archive] names_body        4020439 B
  [archive] names_dict             73 B
  [archive] names_index            48 B
  [archive] qual_body        56431307 B
  [archive] qual_index             22 B
  [archive] literal           1523767 B
  [archive] mem_triples        697565 B
  [archive] mem_dstgap          89328 B
  [archive] mem_len            178984 B
  [archive] mem_rc              23173 B
  [archive] contig_spans        16054 B
  [archive] pos_abs           3261079 B
  [archive] pos_sec             42265 B
  [archive] pos_region          70876 B
  [archive] pos_strand          27123 B
  [archive] mm_sym             314641 B
  [archive] mm_pos             607800 B
  [archive] mm_cnt_flags       106989 B
  [archive] mm_cnt_vals        106148 B
  [archive] n_pos                1553 B
  [archive] n_indices            1965 B
  [archive] n_cnt                 593 B
  [archive] read_lengths           11 B
  [archive] orig2uid_flags     134213 B
  [archive] orig2uid_vals      786795 B
ARCHIVE_TOTAL=68443298
  [stage] stream coding                0.00 s   rss=372 MB  peak=695 MB
[archive] rss before coding 295 MB, after 372 MB, peak 695 MB
  [job] pos_abs          2.65 s
  [job] mm_pos           2.61 s
  [job] mm_cnt           2.03 s
  [job] orig2uid_vals    1.08 s
  [job] literal          0.74 s
  [job] mem_len          0.63 s
  [job] mem_dstgap       0.42 s
  [job] pos_sec          0.36 s
  [job] contig_spans     0.35 s
  [job] pos_region       0.32 s
  [job] mem_rc           0.25 s
  [job] pos_strand       0.25 s
  [job] orig2uid_flags   0.25 s
  [job] n_indices        0.17 s
  [job] mm_sym           0.11 s
  [job] n_pos            0.08 s
  [job] qual_body        0.08 s
  [job] names_dict       0.03 s
  [job] mem_triples      0.03 s
  [job] names_index      0.02 s
  [job] n_cnt            0.01 s
  [job] qual_index       0.01 s
  [job] read_lengths     0.00 s
  [job] names_body       0.00 s
  [pool] wall 2.66 s  cpu-sum 12.46 s  longest=pos_abs 2.65 s  speedup 4.69x  amdahl-floor 2.65 s
  [stage]   [t] pool + archive put     2.67 s   rss=372 MB  peak=754 MB
  [archive] names_body        4020439 B
  [archive] names_dict             73 B
  [archive] names_index            48 B
  [archive] qual_body        56431307 B
  [archive] qual_index             22 B
  [archive] literal           1526126 B
  [archive] mem_triples        696565 B
  [archive] mem_dstgap          89298 B
  [archive] mem_len            176585 B
  [archive] mem_rc              22981 B
  [archive] contig_spans        13862 B
  [archive] pos_abs           3255827 B
  [archive] pos_sec             28400 B
  [archive] pos_region          71038 B
  [archive] pos_strand          30872 B
  [archive] mm_sym             316286 B
  [archive] mm_pos             609779 B
  [archive] mm_cnt_flags       107327 B
  [archive] mm_cnt_vals        106575 B
  [archive] n_pos                1553 B
  [archive] n_indices            1965 B
  [archive] n_cnt                 593 B
  [archive] read_lengths           11 B
  [archive] orig2uid_flags     134213 B
  [archive] orig2uid_vals      786795 B
ARCHIVE_TOTAL=68429027
  [stage] stream coding                0.00 s   rss=372 MB  peak=754 MB
[archive] rss before coding 296 MB, after 372 MB, peak 754 MB
  [a3] cand0 MAXMAP=30 MINOV=16 size=68443298
  [a3] cand1 MAXMAP=30 MINOV=52 size=68429027  <-- WINNER
  [a3] chose MAXMAP=30 MINOV=52 -> 68429027 B (one shared prefix)
ARCHIVE_TOTAL=68429027
