[multiallelic] 18:47:47 HG002, region 20:1-63025520, target 30x, single individual (no pooling)
[multiallelic] 18:47:47 [1/5] streaming HG002 20:1-63025520...
[multiallelic] 18:59:00 [1/5] done -- 11594660 reads
[multiallelic] 18:59:00 [2/5] fetching real truth for HG002, restricting to confident regions...
[multiallelic] 18:59:01 [2/5] done -- 56634719 confident bp, 952 truth multi-allelic sites (26 of them SNV-only)
[multiallelic] 18:59:01 [3/5] running CAPSULE caller (standard diploid)...
[multiallelic] 18:59:01 [call] compressing to an archive, then calling FROM it (no FASTQ read)
[multiallelic] 19:02:11 [call] archive 591583979 B -- calling from it
[CAPS-CALL-TIMING] entry               0.000s  RSS=4577MB
[CAPS-CALL] substrate: contigs 301000 -> 151286, reads placed=5661741 re-placed=5444066 of 11594660 gaps=0
[CAPS-CALL-TIMING] ridx_build         10.226s  RSS=4750MB
[CAPS-CALL-TIMING] kc_H_build         10.562s  RSS=7245MB
[CAPS-CALL-TIMING] parallel_loop       3.794s  RSS=7135MB
[CAPS-CALL-TIMING] filter_snv_emit     0.397s  RSS=7228MB
[CAPS-CALL] substrate: contigs 301000 -> 225733, reads placed=4399134 re-placed=6938315 of 11594660 gaps=0
[CAPS-CALL] pcluster indels=1206
[CAPS-CALL] xcontig SNVs=21169
[CAPS-CALL] contigs=151286 H=21 candidates=75316 SNVs=38887 indels=7022 -> /root/arcs-clean/c_star_pg_advance/benchmark/results/T2.4_reaudit_20260910/calls.vcf
[CAPS-CALL-TIMING] indel_pass         27.126s  RSS=7388MB
[CAPS-CALL-TIMING] TOTAL              52.106s
[multiallelic] 19:03:28 [3/5]   caller done -- 678019 contigs, aligning + lifting...
lifted 48635 calls (59653 SNV, 6566 indel; both strands) -> lifted.vcf
[multiallelic] 19:04:00 [3/5] done
[multiallelic] 19:04:00 [4/5] running DiscoSNP++ on the identical reads...
[multiallelic] 19:05:07 [4/5] done
[multiallelic] 19:05:07 [5/5] scoring recovery of truth multi-allelic sites...
[multiallelic] 19:05:07 [5/5] done
===== T5.2 MULTI-ALLELIC (HG002, 20:1-63025520) =====
truth multi-allelic sites: 952
CAPSULE    sites with a call at that position: 77 / 952
DiscoSNP++ sites with a call at that position: 100 / 952
-- STRICT (both ALT alleles recovered) -- this is the T5.2 claim's metric --
CAPSULE    both-allele sites: 17 / 26  (SNV-only subset; 952 multi-allelic sites total, 926 indel-bearing and not scorable by a base comparison)
DiscoSNP++ both-allele sites: 0 / 26
=======================================================
[multiallelic] 19:05:07 Results in: /root/arcs-clean/c_star_pg_advance/benchmark/results/T2.4_reaudit_20260910
[multiallelic] 19:05:07 Total elapsed: 1040s
